
> build
> vite build

vite v7.3.2 building client environment for production...
[plugin @laravel/vite-plugin-wayfinder] Types generated for actions, routes, form variants
transforming...
✓ 5 modules transformed.
✗ Build failed in 2.31s
error during build:
[@tailwindcss/vite:generate:build] Can't resolve 'gridstack/dist/gridstack.min.css' in '/var/www/html/resources/css'
file: /var/www/html/resources/css/app.css
    at finishWithoutResolve (/var/www/html/node_modules/enhanced-resolve/lib/Resolver.js:909:18)
    at /var/www/html/node_modules/enhanced-resolve/lib/Resolver.js:1001:14
    at /var/www/html/node_modules/enhanced-resolve/lib/Resolver.js:1080:5
    at eval (eval at create (/var/www/html/node_modules/tapable/lib/HookCodeFactory.js:31:10), <anonymous>:15:1)
    at /var/www/html/node_modules/enhanced-resolve/lib/Resolver.js:1080:5
    at eval (eval at create (/var/www/html/node_modules/tapable/lib/HookCodeFactory.js:31:10), <anonymous>:27:1)
    at /var/www/html/node_modules/enhanced-resolve/lib/DescriptionFilePlugin.js:97:43
    at /var/www/html/node_modules/enhanced-resolve/lib/Resolver.js:1080:5
    at eval (eval at create (/var/www/html/node_modules/tapable/lib/HookCodeFactory.js:31:10), <anonymous>:15:1)
    at /var/www/html/node_modules/enhanced-resolve/lib/Resolver.js:1080:5
